kotlin version: 2.3.0-Beta1
error message: java.lang.IllegalStateException: Cannot evaluate IR expression in annotation:
 ERROR_CALL 'Unresolved reference: <Ambiguity: VERSION, [dev/bypixel/redivelocity/VERSION, dev/bypixel/redivelocity/VERSION]>#' type=IrErrorType([Error type: Unresolved type for Ambiguity: VERSION, [dev/bypixel/redivelocity/VERSION, dev/bypixel/redivelocity/VERSION]])

	at org.jetbrains.kotlin.ir.interpreter.transformer.IrConstAnnotationTransformer.transformSingleArg(IrConstAnnotationTransformer.kt:89)
	at org.jetbrains.kotlin.ir.interpreter.transformer.IrConstAnnotationTransformer.transformAnnotationArgument(IrConstAnnotationTransformer.kt:61)
	at org.jetbrains.kotlin.ir.interpreter.transformer.IrConstAnnotationTransformer.transformAnnotation(IrConstAnnotationTransformer.kt:52)
	at org.jetbrains.kotlin.ir.interpreter.transformer.IrConstAnnotationTransformer.transformAnnotations(IrConstAnnotationTransformer.kt:43)
	at org.jetbrains.kotlin.ir.interpreter.transformer.IrConstDeclarationAnnotationTransformer$visitAnnotations$1.visitDeclaration(IrConstDeclarationAnnotationTransformer.kt:30)
	at org.jetbrains.kotlin.ir.visitors.IrVisitorVoid.visitClass(IrVisitorVoid.kt:48)
	at org.jetbrains.kotlin.ir.visitors.IrVisitorVoid.visitClass(IrVisitorVoid.kt:44)
	at org.jetbrains.kotlin.ir.visitors.IrVisitorVoid.visitClass(IrVisitorVoid.kt:18)
	at org.jetbrains.kotlin.ir.declarations.IrClass.accept(IrClass.kt:72)
	at org.jetbrains.kotlin.ir.declarations.IrPackageFragment.acceptChildren(IrPackageFragment.kt:27)
	at org.jetbrains.kotlin.ir.visitors.IrVisitorsKt.acceptChildrenVoid(IrVisitors.kt:23)
	at org.jetbrains.kotlin.ir.interpreter.transformer.IrConstDeclarationAnnotationTransformer$visitAnnotations$1.visitElement(IrConstDeclarationAnnotationTransformer.kt:20)
	at org.jetbrains.kotlin.ir.visitors.IrVisitorVoid.visitPackageFragment(IrVisitorVoid.kt:168)
	at org.jetbrains.kotlin.ir.visitors.IrVisitorVoid.visitFile(IrVisitorVoid.kt:184)
	at org.jetbrains.kotlin.ir.interpreter.transformer.IrConstDeclarationAnnotationTransformer$visitAnnotations$1.visitFile(IrConstDeclarationAnnotationTransformer.kt:25)
	at org.jetbrains.kotlin.ir.visitors.IrVisitorVoid.visitFile(IrVisitorVoid.kt:180)
	at org.jetbrains.kotlin.ir.visitors.IrVisitorVoid.visitFile(IrVisitorVoid.kt:18)
	at org.jetbrains.kotlin.ir.declarations.IrFile.accept(IrFile.kt:27)
	at org.jetbrains.kotlin.ir.visitors.IrVisitorsKt.acceptVoid(IrVisitors.kt:11)
	at org.jetbrains.kotlin.ir.interpreter.transformer.IrConstDeclarationAnnotationTransformer.visitAnnotations(IrConstDeclarationAnnotationTransformer.kt:18)
	at org.jetbrains.kotlin.ir.interpreter.transformer.IrConstTransformerKt.transformConst(IrConstTransformer.kt:55)
	at org.jetbrains.kotlin.ir.interpreter.transformer.IrConstTransformerKt.transformConst$default(IrConstTransformer.kt:26)
	at org.jetbrains.kotlin.fir.backend.Fir2IrConverter$Companion.evaluateConstants(Fir2IrConverter.kt:626)
	at org.jetbrains.kotlin.fir.pipeline.Fir2IrPipeline.evaluateConstants(convertToIr.kt:370)
	at org.jetbrains.kotlin.fir.pipeline.Fir2IrPipeline.runActualizationPipeline(convertToIr.kt:269)
	at org.jetbrains.kotlin.fir.pipeline.Fir2IrPipeline.convertToIrAndActualize(convertToIr.kt:150)
	at org.jetbrains.kotlin.fir.pipeline.ConvertToIrKt.convertToIrAndActualize(convertToIr.kt:115)
	at org.jetbrains.kotlin.fir.pipeline.ConvertToIrKt.convertToIrAndActualize$default(convertToIr.kt:88)
	at org.jetbrains.kotlin.cli.jvm.compiler.legacy.pipeline.JvmCompilerPipelineKt.convertToIrAndActualizeForJvm(jvmCompilerPipeline.kt:101)
	at org.jetbrains.kotlin.cli.pipeline.jvm.JvmFir2IrPipelinePhase.executePhase(JvmFir2IrPipelinePhase.kt:30)
	at org.jetbrains.kotlin.kapt.FirKaptAnalysisHandlerExtension.contextForStubGeneration(FirKaptAnalysisHandlerExtension.kt:186)
	at org.jetbrains.kotlin.kapt.FirKaptAnalysisHandlerExtension.doAnalysis(FirKaptAnalysisHandlerExtension.kt:99)
	at org.jetbrains.kotlin.fir.extensions.FirAnalysisHandlerExtension$Companion.analyze(FirAnalysisHandlerExtension.kt:29)
	at org.jetbrains.kotlin.cli.pipeline.jvm.JvmFrontendPipelinePhase.executePhase(JvmFrontendPipelinePhase.kt:75)
	at org.jetbrains.kotlin.cli.pipeline.jvm.JvmFrontendPipelinePhase.executePhase(JvmFrontendPipelinePhase.kt:47)
	at org.jetbrains.kotlin.cli.pipeline.PipelinePhase.phaseBody(PipelinePhase.kt:68)
	at org.jetbrains.kotlin.cli.pipeline.PipelinePhase.phaseBody(PipelinePhase.kt:58)
	at org.jetbrains.kotlin.config.phaser.NamedCompilerPhase.invoke(CompilerPhase.kt:102)
	at org.jetbrains.kotlin.backend.common.phaser.CompositePhase.invoke(PhaseBuilders.kt:22)
	at org.jetbrains.kotlin.config.phaser.CompilerPhaseKt.invokeToplevel(CompilerPhase.kt:53)
	at org.jetbrains.kotlin.cli.pipeline.AbstractCliPipeline.runPhasedPipeline(AbstractCliPipeline.kt:109)
	at org.jetbrains.kotlin.cli.pipeline.AbstractCliPipeline.execute(AbstractCliPipeline.kt:68)
	at org.jetbrains.kotlin.cli.jvm.K2JVMCompiler.doExecutePhased(K2JVMCompiler.kt:50)
	at org.jetbrains.kotlin.cli.jvm.K2JVMCompiler.doExecutePhased(K2JVMCompiler.kt:41)
	at org.jetbrains.kotlin.cli.common.CLICompiler.execImpl(CLICompiler.kt:91)
	at org.jetbrains.kotlin.cli.common.CLICompiler.exec(CLICompiler.kt:361)
	at org.jetbrains.kotlin.incremental.IncrementalJvmCompilerRunnerBase.runCompiler(IncrementalJvmCompilerRunnerBase.kt:178)
	at org.jetbrains.kotlin.incremental.IncrementalJvmCompilerRunnerBase.runCompiler(IncrementalJvmCompilerRunnerBase.kt:40)
	at org.jetbrains.kotlin.incremental.IncrementalCompilerRunner.doCompile(IncrementalCompilerRunner.kt:504)
	at org.jetbrains.kotlin.incremental.IncrementalCompilerRunner.compileImpl(IncrementalCompilerRunner.kt:418)
	at org.jetbrains.kotlin.incremental.IncrementalCompilerRunner.compileNonIncrementally(IncrementalCompilerRunner.kt:301)
	at org.jetbrains.kotlin.incremental.IncrementalCompilerRunner.compile(IncrementalCompilerRunner.kt:128)
	at org.jetbrains.kotlin.daemon.CompileServiceImplBase.execIncrementalCompiler(CompileServiceImpl.kt:684)
	at org.jetbrains.kotlin.daemon.CompileServiceImplBase.access$execIncrementalCompiler(CompileServiceImpl.kt:94)
	at org.jetbrains.kotlin.daemon.CompileServiceImpl.compile(CompileServiceImpl.kt:1810)
	at java.base/jdk.internal.reflect.DirectMethodHandleAccessor.invoke(DirectMethodHandleAccessor.java:103)
	at java.base/java.lang.reflect.Method.invoke(Method.java:580)
	at java.rmi/sun.rmi.server.UnicastServerRef.dispatch(UnicastServerRef.java:360)
	at java.rmi/sun.rmi.transport.Transport$1.run(Transport.java:200)
	at java.rmi/sun.rmi.transport.Transport$1.run(Transport.java:197)
	at java.base/java.security.AccessController.doPrivileged(AccessController.java:714)
	at java.rmi/sun.rmi.transport.Transport.serviceCall(Transport.java:196)
	at java.rmi/sun.rmi.transport.tcp.TCPTransport.handleMessages(TCPTransport.java:598)
	at java.rmi/sun.rmi.transport.tcp.TCPTransport$ConnectionHandler.run0(TCPTransport.java:844)
	at java.rmi/sun.rmi.transport.tcp.TCPTransport$ConnectionHandler.lambda$run$0(TCPTransport.java:721)
	at java.base/java.security.AccessController.doPrivileged(AccessController.java:400)
	at java.rmi/sun.rmi.transport.tcp.TCPTransport$ConnectionHandler.run(TCPTransport.java:720)
	at java.base/java.util.concurrent.ThreadPoolExecutor.runWorker(ThreadPoolExecutor.java:1144)
	at java.base/java.util.concurrent.ThreadPoolExecutor$Worker.run(ThreadPoolExecutor.java:642)
	at java.base/java.lang.Thread.run(Thread.java:1583)


error message: java.lang.IllegalStateException: Cannot evaluate IR expression in annotation:
 ERROR_CALL 'Unresolved reference: <Ambiguity: VERSION, [dev/bypixel/redivelocity/VERSION, dev/bypixel/redivelocity/VERSION]>#' type=IrErrorType([Error type: Unresolved type for Ambiguity: VERSION, [dev/bypixel/redivelocity/VERSION, dev/bypixel/redivelocity/VERSION]])

	at org.jetbrains.kotlin.ir.interpreter.transformer.IrConstAnnotationTransformer.transformSingleArg(IrConstAnnotationTransformer.kt:89)
	at org.jetbrains.kotlin.ir.interpreter.transformer.IrConstAnnotationTransformer.transformAnnotationArgument(IrConstAnnotationTransformer.kt:61)
	at org.jetbrains.kotlin.ir.interpreter.transformer.IrConstAnnotationTransformer.transformAnnotation(IrConstAnnotationTransformer.kt:52)
	at org.jetbrains.kotlin.ir.interpreter.transformer.IrConstAnnotationTransformer.transformAnnotations(IrConstAnnotationTransformer.kt:43)
	at org.jetbrains.kotlin.ir.interpreter.transformer.IrConstDeclarationAnnotationTransformer$visitAnnotations$1.visitDeclaration(IrConstDeclarationAnnotationTransformer.kt:30)
	at org.jetbrains.kotlin.ir.visitors.IrVisitorVoid.visitClass(IrVisitorVoid.kt:48)
	at org.jetbrains.kotlin.ir.visitors.IrVisitorVoid.visitClass(IrVisitorVoid.kt:44)
	at org.jetbrains.kotlin.ir.visitors.IrVisitorVoid.visitClass(IrVisitorVoid.kt:18)
	at org.jetbrains.kotlin.ir.declarations.IrClass.accept(IrClass.kt:72)
	at org.jetbrains.kotlin.ir.declarations.IrPackageFragment.acceptChildren(IrPackageFragment.kt:27)
	at org.jetbrains.kotlin.ir.visitors.IrVisitorsKt.acceptChildrenVoid(IrVisitors.kt:23)
	at org.jetbrains.kotlin.ir.interpreter.transformer.IrConstDeclarationAnnotationTransformer$visitAnnotations$1.visitElement(IrConstDeclarationAnnotationTransformer.kt:20)
	at org.jetbrains.kotlin.ir.visitors.IrVisitorVoid.visitPackageFragment(IrVisitorVoid.kt:168)
	at org.jetbrains.kotlin.ir.visitors.IrVisitorVoid.visitFile(IrVisitorVoid.kt:184)
	at org.jetbrains.kotlin.ir.interpreter.transformer.IrConstDeclarationAnnotationTransformer$visitAnnotations$1.visitFile(IrConstDeclarationAnnotationTransformer.kt:25)
	at org.jetbrains.kotlin.ir.visitors.IrVisitorVoid.visitFile(IrVisitorVoid.kt:180)
	at org.jetbrains.kotlin.ir.visitors.IrVisitorVoid.visitFile(IrVisitorVoid.kt:18)
	at org.jetbrains.kotlin.ir.declarations.IrFile.accept(IrFile.kt:27)
	at org.jetbrains.kotlin.ir.visitors.IrVisitorsKt.acceptVoid(IrVisitors.kt:11)
	at org.jetbrains.kotlin.ir.interpreter.transformer.IrConstDeclarationAnnotationTransformer.visitAnnotations(IrConstDeclarationAnnotationTransformer.kt:18)
	at org.jetbrains.kotlin.ir.interpreter.transformer.IrConstTransformerKt.transformConst(IrConstTransformer.kt:55)
	at org.jetbrains.kotlin.ir.interpreter.transformer.IrConstTransformerKt.transformConst$default(IrConstTransformer.kt:26)
	at org.jetbrains.kotlin.fir.backend.Fir2IrConverter$Companion.evaluateConstants(Fir2IrConverter.kt:626)
	at org.jetbrains.kotlin.fir.pipeline.Fir2IrPipeline.evaluateConstants(convertToIr.kt:370)
	at org.jetbrains.kotlin.fir.pipeline.Fir2IrPipeline.runActualizationPipeline(convertToIr.kt:269)
	at org.jetbrains.kotlin.fir.pipeline.Fir2IrPipeline.convertToIrAndActualize(convertToIr.kt:150)
	at org.jetbrains.kotlin.fir.pipeline.ConvertToIrKt.convertToIrAndActualize(convertToIr.kt:115)
	at org.jetbrains.kotlin.fir.pipeline.ConvertToIrKt.convertToIrAndActualize$default(convertToIr.kt:88)
	at org.jetbrains.kotlin.cli.jvm.compiler.legacy.pipeline.JvmCompilerPipelineKt.convertToIrAndActualizeForJvm(jvmCompilerPipeline.kt:101)
	at org.jetbrains.kotlin.cli.pipeline.jvm.JvmFir2IrPipelinePhase.executePhase(JvmFir2IrPipelinePhase.kt:30)
	at org.jetbrains.kotlin.kapt.FirKaptAnalysisHandlerExtension.contextForStubGeneration(FirKaptAnalysisHandlerExtension.kt:186)
	at org.jetbrains.kotlin.kapt.FirKaptAnalysisHandlerExtension.doAnalysis(FirKaptAnalysisHandlerExtension.kt:99)
	at org.jetbrains.kotlin.fir.extensions.FirAnalysisHandlerExtension$Companion.analyze(FirAnalysisHandlerExtension.kt:29)
	at org.jetbrains.kotlin.cli.pipeline.jvm.JvmFrontendPipelinePhase.executePhase(JvmFrontendPipelinePhase.kt:75)
	at org.jetbrains.kotlin.cli.pipeline.jvm.JvmFrontendPipelinePhase.executePhase(JvmFrontendPipelinePhase.kt:47)
	at org.jetbrains.kotlin.cli.pipeline.PipelinePhase.phaseBody(PipelinePhase.kt:68)
	at org.jetbrains.kotlin.cli.pipeline.PipelinePhase.phaseBody(PipelinePhase.kt:58)
	at org.jetbrains.kotlin.config.phaser.NamedCompilerPhase.invoke(CompilerPhase.kt:102)
	at org.jetbrains.kotlin.backend.common.phaser.CompositePhase.invoke(PhaseBuilders.kt:22)
	at org.jetbrains.kotlin.config.phaser.CompilerPhaseKt.invokeToplevel(CompilerPhase.kt:53)
	at org.jetbrains.kotlin.cli.pipeline.AbstractCliPipeline.runPhasedPipeline(AbstractCliPipeline.kt:109)
	at org.jetbrains.kotlin.cli.pipeline.AbstractCliPipeline.execute(AbstractCliPipeline.kt:68)
	at org.jetbrains.kotlin.cli.jvm.K2JVMCompiler.doExecutePhased(K2JVMCompiler.kt:50)
	at org.jetbrains.kotlin.cli.jvm.K2JVMCompiler.doExecutePhased(K2JVMCompiler.kt:41)
	at org.jetbrains.kotlin.cli.common.CLICompiler.execImpl(CLICompiler.kt:91)
	at org.jetbrains.kotlin.cli.common.CLICompiler.exec(CLICompiler.kt:361)
	at org.jetbrains.kotlin.incremental.IncrementalJvmCompilerRunnerBase.runCompiler(IncrementalJvmCompilerRunnerBase.kt:178)
	at org.jetbrains.kotlin.incremental.IncrementalJvmCompilerRunnerBase.runCompiler(IncrementalJvmCompilerRunnerBase.kt:40)
	at org.jetbrains.kotlin.incremental.IncrementalCompilerRunner.doCompile(IncrementalCompilerRunner.kt:504)
	at org.jetbrains.kotlin.incremental.IncrementalCompilerRunner.compileImpl(IncrementalCompilerRunner.kt:418)
	at org.jetbrains.kotlin.incremental.IncrementalCompilerRunner.compileNonIncrementally(IncrementalCompilerRunner.kt:301)
	at org.jetbrains.kotlin.incremental.IncrementalCompilerRunner.compile(IncrementalCompilerRunner.kt:128)
	at org.jetbrains.kotlin.buildtools.internal.jvm.operations.JvmCompilationOperationImpl.compileInProcess(JvmCompilationOperationImpl.kt:338)
	at org.jetbrains.kotlin.buildtools.internal.jvm.operations.JvmCompilationOperationImpl.compileInProcess(JvmCompilationOperationImpl.kt:269)
	at org.jetbrains.kotlin.buildtools.internal.jvm.operations.JvmCompilationOperationImpl.execute(JvmCompilationOperationImpl.kt:100)
	at org.jetbrains.kotlin.buildtools.internal.jvm.operations.JvmCompilationOperationImpl.execute(JvmCompilationOperationImpl.kt:62)
	at org.jetbrains.kotlin.buildtools.internal.KotlinToolchainsImpl$BuildSessionImpl.executeOperation(KotlinToolchainsImpl.kt:60)
	at org.jetbrains.kotlin.compilerRunner.btapi.BuildToolsApiCompilationWork.performCompilation(BuildToolsApiCompilationWork.kt:169)
	at org.jetbrains.kotlin.compilerRunner.btapi.BuildToolsApiCompilationWork.access$performCompilation(BuildToolsApiCompilationWork.kt:67)
	at org.jetbrains.kotlin.compilerRunner.btapi.BuildToolsApiCompilationWork$compileInDaemon$fallback$1.invoke(BuildToolsApiCompilationWork.kt:238)
	at org.jetbrains.kotlin.compilerRunner.btapi.BuildToolsApiCompilationWork$compileInDaemon$fallback$1.invoke(BuildToolsApiCompilationWork.kt:212)
	at org.jetbrains.kotlin.compilerRunner.btapi.BuildToolsApiCompilationWork.compileInDaemon(BuildToolsApiCompilationWork.kt:245)
	at org.jetbrains.kotlin.compilerRunner.btapi.BuildToolsApiCompilationWork.execute(BuildToolsApiCompilationWork.kt:278)
	at org.gradle.workers.internal.DefaultWorkerServer.execute(DefaultWorkerServer.java:68)
	at org.gradle.workers.internal.NoIsolationWorkerFactory$1$1.create(NoIsolationWorkerFactory.java:66)
	at org.gradle.workers.internal.NoIsolationWorkerFactory$1$1.create(NoIsolationWorkerFactory.java:62)
	at org.gradle.internal.classloader.ClassLoaderUtils.executeInClassloader(ClassLoaderUtils.java:100)
	at org.gradle.workers.internal.NoIsolationWorkerFactory$1.lambda$execute$0(NoIsolationWorkerFactory.java:62)
	at org.gradle.workers.internal.AbstractWorker$1.call(AbstractWorker.java:44)
	at org.gradle.workers.internal.AbstractWorker$1.call(AbstractWorker.java:41)
	at org.gradle.internal.operations.DefaultBuildOperationRunner$CallableBuildOperationWorker.execute(DefaultBuildOperationRunner.java:209)
	at org.gradle.internal.operations.DefaultBuildOperationRunner$CallableBuildOperationWorker.execute(DefaultBuildOperationRunner.java:204)
	at org.gradle.internal.operations.DefaultBuildOperationRunner$2.execute(DefaultBuildOperationRunner.java:66)
	at org.gradle.internal.operations.DefaultBuildOperationRunner$2.execute(DefaultBuildOperationRunner.java:59)
	at org.gradle.internal.operations.DefaultBuildOperationRunner.execute(DefaultBuildOperationRunner.java:166)
	at org.gradle.internal.operations.DefaultBuildOperationRunner.execute(DefaultBuildOperationRunner.java:59)
	at org.gradle.internal.operations.DefaultBuildOperationRunner.call(DefaultBuildOperationRunner.java:53)
	at org.gradle.workers.internal.AbstractWorker.executeWrappedInBuildOperation(AbstractWorker.java:41)
	at org.gradle.workers.internal.NoIsolationWorkerFactory$1.execute(NoIsolationWorkerFactory.java:59)
	at org.gradle.workers.internal.DefaultWorkerExecutor.lambda$submitWork$0(DefaultWorkerExecutor.java:176)
	at java.base/java.util.concurrent.FutureTask.run(FutureTask.java:317)
	at org.gradle.internal.work.DefaultConditionalExecutionQueue$ExecutionRunner.runExecution(DefaultConditionalExecutionQueue.java:194)
	at org.gradle.internal.work.DefaultConditionalExecutionQueue$ExecutionRunner.access$700(DefaultConditionalExecutionQueue.java:127)
	at org.gradle.internal.work.DefaultConditionalExecutionQueue$ExecutionRunner$1.run(DefaultConditionalExecutionQueue.java:169)
	at org.gradle.internal.Factories$1.create(Factories.java:31)
	at org.gradle.internal.work.DefaultWorkerLeaseService.withLocks(DefaultWorkerLeaseService.java:263)
	at org.gradle.internal.work.DefaultWorkerLeaseService.runAsWorkerThread(DefaultWorkerLeaseService.java:127)
	at org.gradle.internal.work.DefaultWorkerLeaseService.runAsWorkerThread(DefaultWorkerLeaseService.java:132)
	at org.gradle.internal.work.DefaultConditionalExecutionQueue$ExecutionRunner.runBatch(DefaultConditionalExecutionQueue.java:164)
	at org.gradle.internal.work.DefaultConditionalExecutionQueue$ExecutionRunner.run(DefaultConditionalExecutionQueue.java:133)
	at java.base/java.util.concurrent.Executors$RunnableAdapter.call(Executors.java:572)
	at java.base/java.util.concurrent.FutureTask.run(FutureTask.java:317)
	at org.gradle.internal.concurrent.ExecutorPolicy$CatchAndRecordFailures.onExecute(ExecutorPolicy.java:64)
	at org.gradle.internal.concurrent.AbstractManagedExecutor$1.run(AbstractManagedExecutor.java:47)
	at java.base/java.util.concurrent.ThreadPoolExecutor.runWorker(ThreadPoolExecutor.java:1144)
	at java.base/java.util.concurrent.ThreadPoolExecutor$Worker.run(ThreadPoolExecutor.java:642)
	at java.base/java.lang.Thread.run(Thread.java:1583)


